{
  "veredito": "PASS",
  "motivo": "stop_condition",
  "run_dir": "runs/canaria/run-20261007-095118-seed2-3272807",
  "seed": 2,
  "model": "z-ai/glm-5.3-flash",
  "turnos": 3,
  "retries": 0,
  "custo": {
    "calls": 3,
    "in": 6916,
    "out": 1617,
    "cache": 0,
    "usd": 0.001846
  },
  "budget_usd": 1.0,
  "custo_por_turno_usd": 0.0006153,
  "latencia_ms": {
    "p50": 2415,
    "p99": 5703,
    "max": 5703
  },
  "stop_conditions": [
    {
      "kind": "file",
      "path": "README.md",
      "ok": true
    },
    {
      "kind": "file",
      "path": "verify.json",
      "ok": true
    },
    {
      "kind": "cmd",
      "cmd": "python3 /home/worker/harness-s2/canary/check_canary.py --seed 2 .",
      "ok": true
    },
    {
      "kind": "marker",
      "marker": "PASS",
      "path": "RELATORIO-CANARIA.md",
      "ok": true
    }
  ],
  "stop_conditions_cumpridas": "4/4",
  "trail": "runs/canaria/run-20261007-095118-seed2-3272807/harness-trail.jsonl",
  "ts": "2026-10-07T12:51:32Z"
}
